****************************************
Report : constraint
        -all_violators
Design : riscv_soc
Version: X-2025.06-SP1
Date   : Fri May  1 11:20:46 2026
****************************************

   late_timing
   -----------

Endpoint                         Path Delay     Path Required       CRP    Slack Group    Scenario
----------------------------------------------------------------------------------------------------------
u_core/u_core/u_muldiv/mult_result_q_reg[31]/D (sky130_fd_sc_hd__dfrbp_1)
                                  49.25 f        48.76           0.00    -0.48   REG2REG  func@ss_100C_1v60.setup
u_core/u_core/u_muldiv/mult_result_q_reg[30]/D (sky130_fd_sc_hd__dfrtp_1)
                                  49.06 r        48.86           0.00    -0.20   REG2REG  func@ss_100C_1v60.setup

   early_timing
   -----------

Endpoint                         Path Delay     Path Required       CRP    Slack Group    Scenario
----------------------------------------------------------------------------------------------------------
No paths.

   Mode: func Corner: ss_100C_1v60
   Scenario: func@ss_100C_1v60.setup
   max_transition                                                              
                             Required        Actual                            
   Net                      Transition     Transition        Slack  Violation  
  ---------------------------------------------------------------------------
   HFSNET_1118                  1.50           5.91          -4.41  (VIOLATED) 
     PIN : u_core/u_icache/ropt_mt_inst_27979/A
                                1.50           5.91          -4.41  (VIOLATED) 
     PIN : u_soc/u_arb/ropt_mt_inst_27978/A
                                1.50           5.91          -4.41  (VIOLATED) 

   u_core/u_icache/ropt_net_13087
                                1.50           2.39          -0.89  (VIOLATED) 
     PIN : u_core/u_icache/ropt_mt_inst_27968/A
                                1.50           2.39          -0.89  (VIOLATED) 

   u_core/u_core/u_muldiv/ropt_1
                                1.50           2.33          -0.83  (VIOLATED) 
     PIN : u_core/u_core/u_muldiv/U63/B1
                                1.50           2.33          -0.83  (VIOLATED) 
     PIN : u_core/u_core/u_muldiv/HFSINV_2771_3845/A
                                1.50           2.33          -0.83  (VIOLATED) 
     PIN : u_core/u_core/u_muldiv/mult_125/ctmTdsLR_1_11598/B
                                1.50           2.33          -0.83  (VIOLATED) 
     PIN : u_core/u_core/u_muldiv/mult_125/ctmTdsLR_1_11600/C
                                1.50           2.33          -0.83  (VIOLATED) 
     PIN : u_core/u_core/u_muldiv/mult_125/U486/B
                                1.50           2.33          -0.83  (VIOLATED) 

   ropt_net_13107               1.50           2.20          -0.70  (VIOLATED) 
     PIN : ropt_mt_inst_27988/A
                                1.50           2.20          -0.70  (VIOLATED) 

   u_core/u_icache/u_data0/ropt_net_13131
                                1.50           2.01          -0.51  (VIOLATED) 
     PIN : u_core/u_icache/u_data0/ropt_mt_inst_28013/A
                                1.50           2.01          -0.51  (VIOLATED) 

   u_core/u_icache/u_data0/ropt_net_13135
                                1.50           2.01          -0.51  (VIOLATED) 
     PIN : u_core/u_icache/u_data0/ropt_mt_inst_28017/A
                                1.50           2.01          -0.51  (VIOLATED) 

   u_core/u_icache/u_data0/ropt_net_13123
                                1.50           1.83          -0.33  (VIOLATED) 
     PIN : u_core/u_icache/u_data0/ropt_mt_inst_28005/A
                                1.50           1.83          -0.33  (VIOLATED) 

   u_core/u_icache/u_tag0/gre_mt_INV_29_f_226
                                0.04           0.26          -0.22  (VIOLATED) 
     PIN : u_core/u_icache/u_tag0/u_sram/addr0[4]
                                0.04           0.26          -0.22  (VIOLATED) 

   u_core/u_icache/u_data0/ropt_net_13125
                                1.50           1.70          -0.20  (VIOLATED) 
     PIN : u_core/u_icache/u_data0/ropt_mt_inst_28007/A
                                1.50           1.70          -0.20  (VIOLATED) 

   u_core/u_icache/u_tag0/gre_mt_INV_9_f_321
                                0.04           0.23          -0.19  (VIOLATED) 
     PIN : u_core/u_icache/u_tag0/u_sram/addr0[2]
                                0.04           0.23          -0.19  (VIOLATED) 

   u_core/u_icache/u_tag0/ropt_net_13145
                                0.04           0.22          -0.18  (VIOLATED) 
     PIN : u_core/u_icache/u_tag0/u_sram/addr0[1]
                                0.04           0.22          -0.18  (VIOLATED) 

   u_core/u_icache/u_data0/ropt_net_13127
                                1.50           1.66          -0.16  (VIOLATED) 
     PIN : u_core/u_icache/u_data0/U70/A2
                                1.50           1.66          -0.16  (VIOLATED) 

   u_core/u_icache/u_data1/ZINV_9_f_153
                                0.04           0.19          -0.15  (VIOLATED) 
     PIN : u_core/u_icache/u_data1/u_bank0/addr0[1]
                                0.04           0.19          -0.15  (VIOLATED) 

   u_core/u_icache/u_data1/ZINV_9_f_154
                                0.04           0.19          -0.15  (VIOLATED) 
     PIN : u_core/u_icache/u_data1/u_bank0/addr0[0]
                                0.04           0.19          -0.15  (VIOLATED) 

   u_core/u_icache/u_tag0/ropt_net_13146
                                0.04           0.18          -0.14  (VIOLATED) 
     PIN : u_core/u_icache/u_tag0/u_sram/addr0[5]
                                0.04           0.18          -0.14  (VIOLATED) 

   u_core/u_icache/u_tag0/gre_mt_INV_29_f_225
                                0.04           0.16          -0.12  (VIOLATED) 
     PIN : u_core/u_icache/u_tag0/u_sram/addr0[3]
                                0.04           0.16          -0.12  (VIOLATED) 

   u_core/u_icache/u_data0/ropt_net_13147
                                0.04           0.15          -0.11  (VIOLATED) 
     PIN : u_core/u_icache/u_data0/u_bank2/addr0[5]
                                0.04           0.15          -0.11  (VIOLATED) 

   u_core/u_icache/u_data1/ZINV_320_f_117
                                0.04           0.15          -0.11  (VIOLATED) 
     PIN : u_core/u_icache/u_data1/u_bank3/addr0[8]
                                0.04           0.15          -0.11  (VIOLATED) 

   u_core/u_icache/u_data1/ZINV_320_f_115
                                0.04           0.15          -0.11  (VIOLATED) 
     PIN : u_core/u_icache/u_data1/u_bank2/addr0[7]
                                0.04           0.15          -0.11  (VIOLATED) 

   u_core/u_icache/u_data0/ZINV_1017_f_113
                                0.04           0.15          -0.11  (VIOLATED) 
     PIN : u_core/u_icache/u_data0/u_bank3/addr0[6]
                                0.04           0.15          -0.11  (VIOLATED) 

   u_core/u_icache/u_data0/ZINV_769_f_92
                                0.04           0.15          -0.11  (VIOLATED) 
     PIN : u_core/u_icache/u_data0/u_bank3/addr0[4]
                                0.04           0.15          -0.11  (VIOLATED) 

   u_core/u_icache/u_data0/ropt_net_13218
                                0.04           0.14          -0.10  (VIOLATED) 
     PIN : u_core/u_icache/u_data0/u_bank2/addr0[3]
                                0.04           0.14          -0.10  (VIOLATED) 

   u_core/u_icache/u_data0/ZINV_173_f_18
                                0.04           0.14          -0.10  (VIOLATED) 
     PIN : u_core/u_icache/u_data0/u_bank3/addr0[8]
                                0.04           0.14          -0.10  (VIOLATED) 

   u_core/u_icache/u_data1/ZINV_319_f_132
                                0.04           0.14          -0.10  (VIOLATED) 
     PIN : u_core/u_icache/u_data1/u_bank1/addr0[6]
                                0.04           0.14          -0.10  (VIOLATED) 

   u_core/u_icache/u_data0/ZINV_1017_f_112
                                0.04           0.14          -0.10  (VIOLATED) 
     PIN : u_core/u_icache/u_data0/u_bank3/addr0[7]
                                0.04           0.14          -0.10  (VIOLATED) 

   u_core/u_icache/u_data1/ZINV_320_f_134
                                0.04           0.14          -0.10  (VIOLATED) 
     PIN : u_core/u_icache/u_data1/u_bank3/addr0[7]
                                0.04           0.14          -0.10  (VIOLATED) 

   u_core/u_icache/u_data0/ZINV_773_f_60
                                0.04           0.14          -0.10  (VIOLATED) 
     PIN : u_core/u_icache/u_data0/u_bank3/addr0[5]
                                0.04           0.14          -0.10  (VIOLATED) 

   u_core/u_icache/u_data1/ropt_net_13151
                                0.04           0.13          -0.09  (VIOLATED) 
     PIN : u_core/u_icache/u_data1/u_bank3/addr0[6]
                                0.04           0.13          -0.09  (VIOLATED) 

   u_core/u_icache/u_data0/ZINV_28_f_73
                                0.04           0.13          -0.09  (VIOLATED) 
     PIN : u_core/u_icache/u_data0/u_bank1/addr0[4]
                                0.04           0.13          -0.09  (VIOLATED) 

   u_core/u_icache/u_data1/ropt_net_13155
                                0.04           0.13          -0.09  (VIOLATED) 
     PIN : u_core/u_icache/u_data1/u_bank1/addr0[2]
                                0.04           0.13          -0.09  (VIOLATED) 

   u_core/u_icache/u_data0/ropt_net_13163
                                0.04           0.13          -0.09  (VIOLATED) 
     PIN : u_core/u_icache/u_data0/u_bank3/addr0[2]
                                0.04           0.13          -0.09  (VIOLATED) 

   u_core/u_icache/u_data1/ZINV_324_f_118
                                0.04           0.13          -0.09  (VIOLATED) 
     PIN : u_core/u_icache/u_data1/u_bank1/addr0[4]
                                0.04           0.13          -0.09  (VIOLATED) 

   u_core/u_icache/u_data1/ropt_net_13154
                                0.04           0.13          -0.09  (VIOLATED) 
     PIN : u_core/u_icache/u_data1/u_bank2/addr0[3]
                                0.04           0.13          -0.09  (VIOLATED) 

   u_core/u_icache/u_data0/ZINV_769_f_82
                                0.04           0.13          -0.09  (VIOLATED) 
     PIN : u_core/u_icache/u_data0/u_bank3/addr0[3]
                                0.04           0.13          -0.09  (VIOLATED) 

   u_core/u_icache/u_data1/ZINV_771_f_161
                                0.04           0.13          -0.09  (VIOLATED) 
     PIN : u_core/u_icache/u_data1/u_bank3/addr0[4]
                                0.04           0.13          -0.09  (VIOLATED) 

   u_core/u_icache/u_data1/ropt_net_13156
                                0.04           0.13          -0.09  (VIOLATED) 
     PIN : u_core/u_icache/u_data1/u_bank1/addr0[3]
                                0.04           0.13          -0.09  (VIOLATED) 

   u_core/u_icache/u_data0/ZINV_737_f_154
                                0.04           0.12          -0.08  (VIOLATED) 
     PIN : u_core/u_icache/u_data0/u_bank1/addr0[5]
                                0.04           0.12          -0.08  (VIOLATED) 

   u_core/u_icache/u_data0/ropt_net_13162
                                0.04           0.12          -0.08  (VIOLATED) 
     PIN : u_core/u_icache/u_data0/u_bank2/addr0[4]
                                0.04           0.12          -0.08  (VIOLATED) 

   u_core/u_icache/u_data1/ZINV_9_f_133
                                0.04           0.12          -0.08  (VIOLATED) 
     PIN : u_core/u_icache/u_data1/u_bank1/addr0[5]
                                0.04           0.12          -0.08  (VIOLATED) 

   u_core/u_icache/u_data0/ropt_net_12896
                                0.04           0.12          -0.08  (VIOLATED) 
     PIN : u_core/u_icache/u_data0/u_bank1/addr0[6]
                                0.04           0.12          -0.08  (VIOLATED) 

   u_core/u_icache/u_data1/ZINV_28_f_92
                                0.04           0.12          -0.08  (VIOLATED) 
     PIN : u_core/u_icache/u_data1/u_bank3/addr0[2]
                                0.04           0.12          -0.08  (VIOLATED) 

   axi4_i_araddr_w[18]          1.50           1.58          -0.08  (VIOLATED) 
     PIN : u_core/u_icache/ropt_mt_inst_27944/X
                                1.50           1.58          -0.08  (VIOLATED) 
     PIN : u_core/u_icache/copt_gre_mt_inst_25847/A
                                1.50           1.57          -0.07  (VIOLATED) 
     PIN : u_soc/u_arb/U189/A
                                1.50           1.57          -0.07  (VIOLATED) 

   u_core/u_icache/u_data0/ZINV_777_f_89
                                0.04           0.12          -0.08  (VIOLATED) 
     PIN : u_core/u_icache/u_data0/u_bank2/addr0[7]
                                0.04           0.12          -0.08  (VIOLATED) 

   u_core/u_icache/u_data0/ropt_net_13149
                                0.04           0.12          -0.08  (VIOLATED) 
     PIN : u_core/u_icache/u_data0/u_bank2/addr0[2]
                                0.04           0.12          -0.08  (VIOLATED) 

   u_core/u_icache/u_data0/ZINV_151_f_73
                                0.04           0.12          -0.08  (VIOLATED) 
     PIN : u_core/u_icache/u_data0/u_bank2/addr0[8]
                                0.04           0.12          -0.08  (VIOLATED) 

   u_core/u_icache/u_data1/ZINV_28_f_118
                                0.04           0.11          -0.07  (VIOLATED) 
     PIN : u_core/u_icache/u_data1/u_bank2/addr0[2]
                                0.04           0.11          -0.07  (VIOLATED) 

   u_core/u_icache/u_data1/ropt_net_13157
                                0.04           0.11          -0.07  (VIOLATED) 
     PIN : u_core/u_icache/u_data1/u_bank2/addr0[5]
                                0.04           0.11          -0.07  (VIOLATED) 

   u_core/u_icache/u_data0/ZINV_324_f_92
                                0.04           0.11          -0.07  (VIOLATED) 
     PIN : u_core/u_icache/u_data0/u_bank1/addr0[2]
                                0.04           0.11          -0.07  (VIOLATED) 

   u_core/u_icache/u_data1/ZINV_320_f_116
                                0.04           0.11          -0.07  (VIOLATED) 
     PIN : u_core/u_icache/u_data1/u_bank2/addr0[8]
                                0.04           0.11          -0.07  (VIOLATED) 

   u_core/u_icache/u_data1/ZINV_1031_f_167
                                0.04           0.11          -0.07  (VIOLATED) 
     PIN : u_core/u_icache/u_data1/u_bank3/addr0[5]
                                0.04           0.11          -0.07  (VIOLATED) 

   u_core/u_icache/u_data1/ZINV_316_f_95
                                0.04           0.11          -0.07  (VIOLATED) 
     PIN : u_core/u_icache/u_data1/u_bank3/addr0[3]
                                0.04           0.11          -0.07  (VIOLATED) 

   u_core/u_icache/u_data1/ZINV_319_f_115
                                0.04           0.11          -0.07  (VIOLATED) 
     PIN : u_core/u_icache/u_data1/u_bank1/addr0[8]
                                0.04           0.11          -0.07  (VIOLATED) 

   u_core/u_icache/u_data0/ropt_net_13129
                                1.50           1.57          -0.07  (VIOLATED) 
     PIN : u_core/u_icache/u_data0/ropt_mt_inst_28011/A
                                1.50           1.57          -0.07  (VIOLATED) 

   u_core/u_icache/u_data0/ZINV_771_f_115
                                0.04           0.10          -0.06  (VIOLATED) 
     PIN : u_core/u_icache/u_data0/u_bank2/addr0[6]
                                0.04           0.10          -0.06  (VIOLATED) 

   u_core/u_icache/u_data1/ZINV_752_f_54
                                0.04           0.10          -0.06  (VIOLATED) 
     PIN : u_core/u_icache/u_data1/u_bank2/addr0[4]
                                0.04           0.10          -0.06  (VIOLATED) 

   u_core/u_icache/u_data0/ZINV_725_f_39
                                0.04           0.10          -0.06  (VIOLATED) 
     PIN : u_core/u_icache/u_data0/u_bank1/addr0[3]
                                0.04           0.10          -0.06  (VIOLATED) 

   u_core/u_icache/u_data1/ZINV_319_f_114
                                0.04           0.10          -0.06  (VIOLATED) 
     PIN : u_core/u_icache/u_data1/u_bank1/addr0[7]
                                0.04           0.10          -0.06  (VIOLATED) 

   u_core/u_icache/u_data1/ZINV_42_f_112
                                0.04           0.09          -0.05  (VIOLATED) 
     PIN : u_core/u_icache/u_data1/u_bank2/addr0[6]
                                0.04           0.09          -0.05  (VIOLATED) 

   u_core/u_icache/u_data0/ZINV_741_f_115
                                0.04           0.09          -0.05  (VIOLATED) 
     PIN : u_core/u_icache/u_data0/u_bank1/addr0[7]
                                0.04           0.09          -0.05  (VIOLATED) 

   u_core/u_icache/u_data1/ropt_net_13117
                                0.04           0.09          -0.05  (VIOLATED) 
     PIN : u_core/u_icache/u_data1/u_bank2/addr0[1]
                                0.04           0.09          -0.05  (VIOLATED) 

   u_core/u_icache/u_tag1/ropt_net_12900
                                0.04           0.09          -0.05  (VIOLATED) 
     PIN : u_core/u_icache/u_tag1/u_sram/addr0[0]
                                0.04           0.09          -0.05  (VIOLATED) 

   u_core/u_icache/u_data1/ropt_net_13116
                                0.04           0.08          -0.04  (VIOLATED) 
     PIN : u_core/u_icache/u_data1/u_bank2/addr0[0]
                                0.04           0.08          -0.04  (VIOLATED) 

   u_core/u_icache/u_data0/ropt_net_13161
                                0.04           0.08          -0.04  (VIOLATED) 
     PIN : u_core/u_icache/u_data0/u_bank3/addr0[0]
                                0.04           0.08          -0.04  (VIOLATED) 

   u_core/u_icache/u_data0/ropt_net_13118
                                0.04           0.08          -0.04  (VIOLATED) 
     PIN : u_core/u_icache/u_data0/u_bank3/addr0[1]
                                0.04           0.08          -0.04  (VIOLATED) 

   u_core/u_icache/u_data1/ropt_net_13119
                                0.04           0.08          -0.04  (VIOLATED) 
     PIN : u_core/u_icache/u_data1/u_bank1/addr0[1]
                                0.04           0.08          -0.04  (VIOLATED) 

   u_core/u_icache/u_data1/ropt_net_13120
                                0.04           0.08          -0.04  (VIOLATED) 
     PIN : u_core/u_icache/u_data1/u_bank1/addr0[0]
                                0.04           0.08          -0.04  (VIOLATED) 

   u_core/u_icache/u_data0/ZINV_9_f_25
                                0.04           0.08          -0.04  (VIOLATED) 
     PIN : u_core/u_icache/u_data0/u_bank1/addr0[8]
                                0.04           0.08          -0.04  (VIOLATED) 

   u_core/u_icache/u_data0/ropt_net_12880
                                0.04           0.08          -0.04  (VIOLATED) 
     PIN : u_core/u_icache/u_data0/u_bank1/addr0[1]
                                0.04           0.08          -0.04  (VIOLATED) 

   u_core/u_icache/u_data0/copt_gre_net_12697
                                0.04           0.08          -0.04  (VIOLATED) 
     PIN : u_core/u_icache/u_data0/u_bank0/addr0[1]
                                0.04           0.08          -0.04  (VIOLATED) 

   u_core/u_icache/u_data0/ropt_net_12906
                                0.04           0.08          -0.04  (VIOLATED) 
     PIN : u_core/u_icache/u_data0/u_bank0/addr0[5]
                                0.04           0.08          -0.04  (VIOLATED) 

   u_core/u_icache/u_tag0/ropt_net_12881
                                0.04           0.08          -0.04  (VIOLATED) 
     PIN : u_core/u_icache/u_tag0/u_sram/addr0[0]
                                0.04           0.08          -0.04  (VIOLATED) 

   u_core/u_icache/u_data0/ropt_net_12883
                                0.04           0.08          -0.04  (VIOLATED) 
     PIN : u_core/u_icache/u_data0/u_bank1/addr0[0]
                                0.04           0.08          -0.04  (VIOLATED) 

   u_core/u_icache/u_data0/ropt_net_12882
                                0.04           0.08          -0.04  (VIOLATED) 
     PIN : u_core/u_icache/u_data0/u_bank0/addr0[0]
                                0.04           0.08          -0.04  (VIOLATED) 

   u_core/u_icache/u_tag0/ropt_net_12908
                                0.04           0.08          -0.04  (VIOLATED) 
     PIN : u_core/u_icache/u_tag0/u_sram/addr0[6]
                                0.04           0.08          -0.04  (VIOLATED) 

   u_core/u_icache/u_data1/ropt_net_12910
                                0.04           0.08          -0.04  (VIOLATED) 
     PIN : u_core/u_icache/u_data1/u_bank3/addr0[1]
                                0.04           0.08          -0.04  (VIOLATED) 

   u_core/u_icache/u_data0/copt_gre_net_12707
                                0.04           0.08          -0.04  (VIOLATED) 
     PIN : u_core/u_icache/u_data0/u_bank0/addr0[6]
                                0.04           0.08          -0.04  (VIOLATED) 

   u_core/u_icache/u_data1/ropt_net_12885
                                0.04           0.08          -0.04  (VIOLATED) 
     PIN : u_core/u_icache/u_data1/u_bank0/addr0[6]
                                0.04           0.08          -0.04  (VIOLATED) 

   u_core/u_icache/u_data1/ropt_net_12905
                                0.04           0.08          -0.04  (VIOLATED) 
     PIN : u_core/u_icache/u_data1/u_bank0/addr0[5]
                                0.04           0.08          -0.04  (VIOLATED) 

   u_core/u_icache/u_data1/ropt_net_12888
                                0.04           0.08          -0.04  (VIOLATED) 
     PIN : u_core/u_icache/u_data1/u_bank0/addr0[8]
                                0.04           0.08          -0.04  (VIOLATED) 

   u_core/u_icache/u_tag1/copt_gre_net_10795
                                0.04           0.08          -0.04  (VIOLATED) 
     PIN : u_core/u_icache/u_tag1/u_sram/addr0[3]
                                0.04           0.08          -0.04  (VIOLATED) 

   u_core/u_icache/u_tag1/ropt_net_12884
                                0.04           0.08          -0.04  (VIOLATED) 
     PIN : u_core/u_icache/u_tag1/u_sram/addr0[1]
                                0.04           0.08          -0.04  (VIOLATED) 

   u_core/u_icache/u_tag1/ropt_net_12886
                                0.04           0.08          -0.04  (VIOLATED) 
     PIN : u_core/u_icache/u_tag1/u_sram/addr0[4]
                                0.04           0.08          -0.04  (VIOLATED) 

   u_core/u_icache/u_tag1/ropt_net_13159
                                0.04           0.08          -0.04  (VIOLATED) 
     PIN : u_core/u_icache/u_tag1/u_sram/addr0[6]
                                0.04           0.08          -0.04  (VIOLATED) 

   u_core/u_icache/u_data0/ropt_net_12889
                                0.04           0.08          -0.04  (VIOLATED) 
     PIN : u_core/u_icache/u_data0/u_bank0/addr0[4]
                                0.04           0.08          -0.04  (VIOLATED) 

   u_core/u_icache/u_tag0/copt_gre_net_12689
                                0.04           0.08          -0.04  (VIOLATED) 
     PIN : u_core/u_icache/u_tag0/u_sram/addr0[7]
                                0.04           0.08          -0.04  (VIOLATED) 

   u_core/u_icache/u_data0/copt_gre_net_12693
                                0.04           0.08          -0.04  (VIOLATED) 
     PIN : u_core/u_icache/u_data0/u_bank0/addr0[2]
                                0.04           0.08          -0.04  (VIOLATED) 

   u_core/u_icache/u_tag1/ropt_net_13160
                                0.04           0.07          -0.03  (VIOLATED) 
     PIN : u_core/u_icache/u_tag1/u_sram/addr0[5]
                                0.04           0.07          -0.03  (VIOLATED) 

   u_core/u_icache/u_data0/ropt_net_12890
                                0.04           0.07          -0.03  (VIOLATED) 
     PIN : u_core/u_icache/u_data0/u_bank0/addr0[3]
                                0.04           0.07          -0.03  (VIOLATED) 

   u_core/u_icache/u_data0/ropt_net_12887
                                0.04           0.07          -0.03  (VIOLATED) 
     PIN : u_core/u_icache/u_data0/u_bank0/addr0[7]
                                0.04           0.07          -0.03  (VIOLATED) 

   u_core/u_icache/u_tag1/ZBUF_4_215
                                0.04           0.07          -0.03  (VIOLATED) 
     PIN : u_core/u_icache/u_tag1/u_sram/addr0[2]
                                0.04           0.07          -0.03  (VIOLATED) 

   u_core/u_icache/u_tag1/ZBUF_4_221
                                0.04           0.07          -0.03  (VIOLATED) 
     PIN : u_core/u_icache/u_tag1/u_sram/addr0[7]
                                0.04           0.07          -0.03  (VIOLATED) 

   u_core/u_icache/u_data1/copt_gre_net_12692
                                0.04           0.07          -0.03  (VIOLATED) 
     PIN : u_core/u_icache/u_data1/u_bank0/addr0[3]
                                0.04           0.07          -0.03  (VIOLATED) 

   u_core/u_icache/u_data0/copt_gre_net_12703
                                0.04           0.07          -0.03  (VIOLATED) 
     PIN : u_core/u_icache/u_data0/u_bank0/addr0[8]
                                0.04           0.07          -0.03  (VIOLATED) 

   u_core/u_icache/HFSNET_418
                                0.50           0.53          -0.03  (VIOLATED) 
     PIN : u_core/u_icache/u_data0/u_bank3/din0[20]
                                0.50           0.53          -0.03  (VIOLATED) 
     PIN : u_core/u_icache/u_data1/u_bank3/din0[20]
                                0.50           0.53          -0.03  (VIOLATED) 

   u_core/u_icache/u_data0/ropt_net_12902
                                0.04           0.07          -0.03  (VIOLATED) 
     PIN : u_core/u_icache/u_data0/u_bank2/addr0[0]
                                0.04           0.07          -0.03  (VIOLATED) 

   u_core/u_icache/u_data1/ropt_net_12917
                                0.04           0.06          -0.02  (VIOLATED) 
     PIN : u_core/u_icache/u_data1/u_bank0/addr0[4]
                                0.04           0.06          -0.02  (VIOLATED) 

   u_core/u_icache/u_data1/ZBUF_4_221
                                0.04           0.06          -0.02  (VIOLATED) 
     PIN : u_core/u_icache/u_data1/u_bank0/addr0[2]
                                0.04           0.06          -0.02  (VIOLATED) 

   u_core/u_icache/u_data1/ZBUF_4_183
                                0.04           0.06          -0.02  (VIOLATED) 
     PIN : u_core/u_icache/u_data1/u_bank3/addr0[0]
                                0.04           0.06          -0.02  (VIOLATED) 

   u_core/u_icache/u_data1/ropt_net_12912
                                0.04           0.06          -0.02  (VIOLATED) 
     PIN : u_core/u_icache/u_data1/u_bank0/addr0[7]
                                0.04           0.06          -0.02  (VIOLATED) 

   u_core/u_icache/u_data0/ZINV_9_f_97
                                0.04           0.06          -0.02  (VIOLATED) 
     PIN : u_core/u_icache/u_data0/u_bank2/addr0[1]
                                0.04           0.06          -0.02  (VIOLATED) 

  ---------------------------------------------------------------------------
   Number of max_transition violation(s): 100

   Mode: func Corner: ss_100C_1v60
   Scenario: func@ss_100C_1v60.setup
   max_capacitance                                                             
                             Required        Actual                            
   Net                      Capacitance    Capacitance       Slack  Violation  
  ---------------------------------------------------------------------------
   u_core/u_icache/u_data0/HFSNET_246
                                0.07           0.13          -0.06  (VIOLATED) 
     PIN : u_core/u_icache/u_data0/HFSINV_111_3590/Y
                                0.07           0.13          -0.06  (VIOLATED) 

   u_core/u_icache/u_data0/dout_b3[20]
                                0.03           0.04          -0.02  (VIOLATED) 
     PIN : u_core/u_icache/u_data0/u_bank3/dout0[20]
                                0.03           0.04          -0.02  (VIOLATED) 

   u_core/u_icache/u_data1/dout_b3[13]
                                0.03           0.04          -0.01  (VIOLATED) 
     PIN : u_core/u_icache/u_data1/u_bank3/dout0[13]
                                0.03           0.04          -0.01  (VIOLATED) 

   u_core/u_icache/u_data0/dout_b3[15]
                                0.03           0.04          -0.01  (VIOLATED) 
     PIN : u_core/u_icache/u_data0/u_bank3/dout0[15]
                                0.03           0.04          -0.01  (VIOLATED) 

   u_core/u_icache/u_data1/dout_b3[7]
                                0.03           0.04          -0.01  (VIOLATED) 
     PIN : u_core/u_icache/u_data1/u_bank3/dout0[7]
                                0.03           0.04          -0.01  (VIOLATED) 

   u_core/u_icache/u_data0/dout_b0[21]
                                0.03           0.04          -0.01  (VIOLATED) 
     PIN : u_core/u_icache/u_data0/u_bank0/dout0[21]
                                0.03           0.04          -0.01  (VIOLATED) 

   u_core/u_icache/u_data0/dout_b0[25]
                                0.03           0.04          -0.01  (VIOLATED) 
     PIN : u_core/u_icache/u_data0/u_bank0/dout0[25]
                                0.03           0.04          -0.01  (VIOLATED) 

   u_core/u_icache/u_data0/dout_b3[16]
                                0.03           0.04          -0.01  (VIOLATED) 
     PIN : u_core/u_icache/u_data0/u_bank3/dout0[16]
                                0.03           0.04          -0.01  (VIOLATED) 

   u_core/u_icache/u_data1/dout_b3[9]
                                0.03           0.04          -0.01  (VIOLATED) 
     PIN : u_core/u_icache/u_data1/u_bank3/dout0[9]
                                0.03           0.04          -0.01  (VIOLATED) 

   u_core/u_icache/u_data0/dout_b0[9]
                                0.03           0.04          -0.01  (VIOLATED) 
     PIN : u_core/u_icache/u_data0/u_bank0/dout0[9]
                                0.03           0.04          -0.01  (VIOLATED) 

   u_core/u_icache/u_data1/dout_b0[26]
                                0.03           0.04          -0.01  (VIOLATED) 
     PIN : u_core/u_icache/u_data1/u_bank0/dout0[26]
                                0.03           0.04          -0.01  (VIOLATED) 

   u_core/u_icache/u_data1/dout_b3[12]
                                0.03           0.04          -0.01  (VIOLATED) 
     PIN : u_core/u_icache/u_data1/u_bank3/dout0[12]
                                0.03           0.04          -0.01  (VIOLATED) 

   u_core/u_icache/u_data1/dout_b0[14]
                                0.03           0.04          -0.01  (VIOLATED) 
     PIN : u_core/u_icache/u_data1/u_bank0/dout0[14]
                                0.03           0.04          -0.01  (VIOLATED) 

   u_core/u_icache/u_data1/dout_b3[10]
                                0.03           0.04          -0.01  (VIOLATED) 
     PIN : u_core/u_icache/u_data1/u_bank3/dout0[10]
                                0.03           0.04          -0.01  (VIOLATED) 

   u_core/u_icache/u_data1/dout_b3[6]
                                0.03           0.04          -0.01  (VIOLATED) 
     PIN : u_core/u_icache/u_data1/u_bank3/dout0[6]
                                0.03           0.04          -0.01  (VIOLATED) 

   u_core/u_icache/u_data0/dout_b3[11]
                                0.03           0.04          -0.01  (VIOLATED) 
     PIN : u_core/u_icache/u_data0/u_bank3/dout0[11]
                                0.03           0.04          -0.01  (VIOLATED) 

   u_core/u_icache/u_data0/dout_b0[19]
                                0.03           0.04          -0.01  (VIOLATED) 
     PIN : u_core/u_icache/u_data0/u_bank0/dout0[19]
                                0.03           0.04          -0.01  (VIOLATED) 

   u_core/u_icache/u_data0/dout_b3[14]
                                0.03           0.04          -0.01  (VIOLATED) 
     PIN : u_core/u_icache/u_data0/u_bank3/dout0[14]
                                0.03           0.04          -0.01  (VIOLATED) 

   u_core/u_icache/u_data1/dout_b3[5]
                                0.03           0.04          -0.01  (VIOLATED) 
     PIN : u_core/u_icache/u_data1/u_bank3/dout0[5]
                                0.03           0.04          -0.01  (VIOLATED) 

   u_core/u_icache/u_data1/dout_b3[0]
                                0.03           0.04          -0.01  (VIOLATED) 
     PIN : u_core/u_icache/u_data1/u_bank3/dout0[0]
                                0.03           0.04          -0.01  (VIOLATED) 

   u_core/u_icache/u_data1/dout_b3[8]
                                0.03           0.04          -0.01  (VIOLATED) 
     PIN : u_core/u_icache/u_data1/u_bank3/dout0[8]
                                0.03           0.04          -0.01  (VIOLATED) 

   u_core/u_icache/u_data0/dout_b3[10]
                                0.03           0.04          -0.01  (VIOLATED) 
     PIN : u_core/u_icache/u_data0/u_bank3/dout0[10]
                                0.03           0.04          -0.01  (VIOLATED) 

   u_core/u_icache/u_data0/dout_b3[12]
                                0.03           0.04          -0.01  (VIOLATED) 
     PIN : u_core/u_icache/u_data0/u_bank3/dout0[12]
                                0.03           0.04          -0.01  (VIOLATED) 

   u_core/u_icache/u_data0/dout_b3[13]
                                0.03           0.04          -0.01  (VIOLATED) 
     PIN : u_core/u_icache/u_data0/u_bank3/dout0[13]
                                0.03           0.04          -0.01  (VIOLATED) 

   u_core/u_icache/u_data1/dout_b3[1]
                                0.03           0.04          -0.01  (VIOLATED) 
     PIN : u_core/u_icache/u_data1/u_bank3/dout0[1]
                                0.03           0.04          -0.01  (VIOLATED) 

   u_core/u_icache/u_data1/dout_b0[9]
                                0.03           0.04          -0.01  (VIOLATED) 
     PIN : u_core/u_icache/u_data1/u_bank0/dout0[9]
                                0.03           0.04          -0.01  (VIOLATED) 

   u_core/u_icache/u_data0/dout_b3[17]
                                0.03           0.04          -0.01  (VIOLATED) 
     PIN : u_core/u_icache/u_data0/u_bank3/dout0[17]
                                0.03           0.04          -0.01  (VIOLATED) 

   u_core/u_icache/u_data1/dout_b0[22]
                                0.03           0.04          -0.01  (VIOLATED) 
     PIN : u_core/u_icache/u_data1/u_bank0/dout0[22]
                                0.03           0.04          -0.01  (VIOLATED) 

   u_core/u_icache/u_data0/dout_b0[11]
                                0.03           0.04          -0.01  (VIOLATED) 
     PIN : u_core/u_icache/u_data0/u_bank0/dout0[11]
                                0.03           0.04          -0.01  (VIOLATED) 

   u_core/u_icache/u_data1/dout_b0[23]
                                0.03           0.04          -0.01  (VIOLATED) 
     PIN : u_core/u_icache/u_data1/u_bank0/dout0[23]
                                0.03           0.04          -0.01  (VIOLATED) 

   u_core/u_icache/u_data0/dout_b0[18]
                                0.03           0.04          -0.01  (VIOLATED) 
     PIN : u_core/u_icache/u_data0/u_bank0/dout0[18]
                                0.03           0.04          -0.01  (VIOLATED) 

   u_core/u_icache/u_data0/dout_b0[24]
                                0.03           0.04          -0.01  (VIOLATED) 
     PIN : u_core/u_icache/u_data0/u_bank0/dout0[24]
                                0.03           0.04          -0.01  (VIOLATED) 

   u_core/u_icache/u_data1/dout_b0[24]
                                0.03           0.04          -0.01  (VIOLATED) 
     PIN : u_core/u_icache/u_data1/u_bank0/dout0[24]
                                0.03           0.04          -0.01  (VIOLATED) 

   u_core/u_icache/u_data1/dout_b0[20]
                                0.03           0.04          -0.01  (VIOLATED) 
     PIN : u_core/u_icache/u_data1/u_bank0/dout0[20]
                                0.03           0.04          -0.01  (VIOLATED) 

   u_core/u_icache/u_data1/dout_b3[11]
                                0.03           0.04          -0.01  (VIOLATED) 
     PIN : u_core/u_icache/u_data1/u_bank3/dout0[11]
                                0.03           0.04          -0.01  (VIOLATED) 

   ZCTSNET_80                   0.22           0.23          -0.01  (VIOLATED) 
     PIN : ZCTSINV_105961_16827/Y
                                0.22           0.23          -0.01  (VIOLATED) 

   u_core/u_icache/u_data0/dout_b3[8]
                                0.03           0.04          -0.01  (VIOLATED) 
     PIN : u_core/u_icache/u_data0/u_bank3/dout0[8]
                                0.03           0.04          -0.01  (VIOLATED) 

   u_core/u_icache/u_data1/dout_b3[14]
                                0.03           0.04          -0.01  (VIOLATED) 
     PIN : u_core/u_icache/u_data1/u_bank3/dout0[14]
                                0.03           0.04          -0.01  (VIOLATED) 

   u_core/u_icache/u_data0/dout_b0[22]
                                0.03           0.04          -0.01  (VIOLATED) 
     PIN : u_core/u_icache/u_data0/u_bank0/dout0[22]
                                0.03           0.04          -0.01  (VIOLATED) 

   u_core/u_icache/u_data0/dout_b0[20]
                                0.03           0.04          -0.01  (VIOLATED) 
     PIN : u_core/u_icache/u_data0/u_bank0/dout0[20]
                                0.03           0.04          -0.01  (VIOLATED) 

   u_core/u_icache/u_data0/dout_b3[6]
                                0.03           0.04          -0.01  (VIOLATED) 
     PIN : u_core/u_icache/u_data0/u_bank3/dout0[6]
                                0.03           0.04          -0.01  (VIOLATED) 

   u_core/u_icache/u_data0/dout_b0[12]
                                0.03           0.04          -0.01  (VIOLATED) 
     PIN : u_core/u_icache/u_data0/u_bank0/dout0[12]
                                0.03           0.04          -0.01  (VIOLATED) 

   u_core/u_icache/u_data0/dout_b3[19]
                                0.03           0.04          -0.01  (VIOLATED) 
     PIN : u_core/u_icache/u_data0/u_bank3/dout0[19]
                                0.03           0.04          -0.01  (VIOLATED) 

   u_core/u_icache/u_data0/dout_b0[23]
                                0.03           0.04          -0.01  (VIOLATED) 
     PIN : u_core/u_icache/u_data0/u_bank0/dout0[23]
                                0.03           0.04          -0.01  (VIOLATED) 

   u_core/u_icache/u_data1/dout_b0[10]
                                0.03           0.03          -0.01  (VIOLATED) 
     PIN : u_core/u_icache/u_data1/u_bank0/dout0[10]
                                0.03           0.03          -0.01  (VIOLATED) 

   u_core/u_icache/u_data0/dout_b0[17]
                                0.03           0.03          -0.01  (VIOLATED) 
     PIN : u_core/u_icache/u_data0/u_bank0/dout0[17]
                                0.03           0.03          -0.01  (VIOLATED) 

   u_core/u_icache/u_data1/dout_b0[13]
                                0.03           0.03          -0.01  (VIOLATED) 
     PIN : u_core/u_icache/u_data1/u_bank0/dout0[13]
                                0.03           0.03          -0.01  (VIOLATED) 

   u_core/u_icache/u_data1/dout_b0[15]
                                0.03           0.03          -0.01  (VIOLATED) 
     PIN : u_core/u_icache/u_data1/u_bank0/dout0[15]
                                0.03           0.03          -0.01  (VIOLATED) 

   u_core/u_icache/u_data1/dout_b3[24]
                                0.03           0.03          -0.01  (VIOLATED) 
     PIN : u_core/u_icache/u_data1/u_bank3/dout0[24]
                                0.03           0.03          -0.01  (VIOLATED) 

   u_core/u_icache/u_data0/dout_b3[21]
                                0.03           0.03          -0.01  (VIOLATED) 
     PIN : u_core/u_icache/u_data0/u_bank3/dout0[21]
                                0.03           0.03          -0.01  (VIOLATED) 

   u_core/u_icache/u_data0/dout_b3[7]
                                0.03           0.03          -0.01  (VIOLATED) 
     PIN : u_core/u_icache/u_data0/u_bank3/dout0[7]
                                0.03           0.03          -0.01  (VIOLATED) 

   u_core/u_icache/u_data1/dout_b3[18]
                                0.03           0.03          -0.01  (VIOLATED) 
     PIN : u_core/u_icache/u_data1/u_bank3/dout0[18]
                                0.03           0.03          -0.01  (VIOLATED) 

   u_core/u_icache/u_data1/dout_b3[23]
                                0.03           0.03          -0.01  (VIOLATED) 
     PIN : u_core/u_icache/u_data1/u_bank3/dout0[23]
                                0.03           0.03          -0.01  (VIOLATED) 

   u_core/u_icache/u_data0/dout_b3[1]
                                0.03           0.03          -0.01  (VIOLATED) 
     PIN : u_core/u_icache/u_data0/u_bank3/dout0[1]
                                0.03           0.03          -0.01  (VIOLATED) 

   u_core/u_icache/u_data1/dout_b3[25]
                                0.03           0.03          -0.01  (VIOLATED) 
     PIN : u_core/u_icache/u_data1/u_bank3/dout0[25]
                                0.03           0.03          -0.01  (VIOLATED) 

   u_core/u_icache/u_data1/dout_b3[15]
                                0.03           0.03          -0.01  (VIOLATED) 
     PIN : u_core/u_icache/u_data1/u_bank3/dout0[15]
                                0.03           0.03          -0.01  (VIOLATED) 

   u_core/u_icache/u_data1/dout_b0[25]
                                0.03           0.03          -0.01  (VIOLATED) 
     PIN : u_core/u_icache/u_data1/u_bank0/dout0[25]
                                0.03           0.03          -0.01  (VIOLATED) 

   u_core/u_icache/u_data1/dout_b0[19]
                                0.03           0.03          -0.01  (VIOLATED) 
     PIN : u_core/u_icache/u_data1/u_bank0/dout0[19]
                                0.03           0.03          -0.01  (VIOLATED) 

   u_core/u_icache/u_data1/dout_b3[21]
                                0.03           0.03          -0.01  (VIOLATED) 
     PIN : u_core/u_icache/u_data1/u_bank3/dout0[21]
                                0.03           0.03          -0.01  (VIOLATED) 

   u_core/u_icache/u_data0/dout_b0[10]
                                0.03           0.03          -0.01  (VIOLATED) 
     PIN : u_core/u_icache/u_data0/u_bank0/dout0[10]
                                0.03           0.03          -0.01  (VIOLATED) 

   u_core/u_icache/u_data1/dout_b3[19]
                                0.03           0.03          -0.01  (VIOLATED) 
     PIN : u_core/u_icache/u_data1/u_bank3/dout0[19]
                                0.03           0.03          -0.01  (VIOLATED) 

   u_core/u_icache/u_data0/dout_b0[26]
                                0.03           0.03          -0.01  (VIOLATED) 
     PIN : u_core/u_icache/u_data0/u_bank0/dout0[26]
                                0.03           0.03          -0.01  (VIOLATED) 

   u_core/u_icache/u_data1/dout_b0[21]
                                0.03           0.03          -0.01  (VIOLATED) 
     PIN : u_core/u_icache/u_data1/u_bank0/dout0[21]
                                0.03           0.03          -0.01  (VIOLATED) 

   u_core/u_icache/u_data1/dout_b0[11]
                                0.03           0.03          -0.01  (VIOLATED) 
     PIN : u_core/u_icache/u_data1/u_bank0/dout0[11]
                                0.03           0.03          -0.01  (VIOLATED) 

   u_core/u_icache/u_data1/dout_b0[8]
                                0.03           0.03          -0.01  (VIOLATED) 
     PIN : u_core/u_icache/u_data1/u_bank0/dout0[8]
                                0.03           0.03          -0.01  (VIOLATED) 

   u_core/u_icache/u_data0/dout_b0[8]
                                0.03           0.03          -0.01  (VIOLATED) 
     PIN : u_core/u_icache/u_data0/u_bank0/dout0[8]
                                0.03           0.03          -0.01  (VIOLATED) 

   u_core/u_icache/u_data1/dout_b0[12]
                                0.03           0.03          -0.01  (VIOLATED) 
     PIN : u_core/u_icache/u_data1/u_bank0/dout0[12]
                                0.03           0.03          -0.01  (VIOLATED) 

   u_soc/ZCTSNET_52             0.22           0.22          -0.01  (VIOLATED) 
     PIN : u_soc/ZCTSINV_71934_16790/Y
                                0.22           0.22          -0.01  (VIOLATED) 

   u_core/u_icache/u_data0/dout_b3[23]
                                0.03           0.03          -0.01  (VIOLATED) 
     PIN : u_core/u_icache/u_data0/u_bank3/dout0[23]
                                0.03           0.03          -0.01  (VIOLATED) 

   u_core/u_icache/u_data1/dout_b3[22]
                                0.03           0.03          -0.00  (VIOLATED) 
     PIN : u_core/u_icache/u_data1/u_bank3/dout0[22]
                                0.03           0.03          -0.00  (VIOLATED) 

   u_core/u_icache/u_data0/dout_b3[9]
                                0.03           0.03          -0.00  (VIOLATED) 
     PIN : u_core/u_icache/u_data0/u_bank3/dout0[9]
                                0.03           0.03          -0.00  (VIOLATED) 

   axi4_i_araddr_w[18]          0.09           0.10          -0.00  (VIOLATED) 
     PIN : u_core/u_icache/ropt_mt_inst_27944/X
                                0.09           0.10          -0.00  (VIOLATED) 

   u_core/u_icache/u_data1/dout_b0[18]
                                0.03           0.03          -0.00  (VIOLATED) 
     PIN : u_core/u_icache/u_data1/u_bank0/dout0[18]
                                0.03           0.03          -0.00  (VIOLATED) 

   u_core/u_icache/u_data0/dout_b0[3]
                                0.03           0.03          -0.00  (VIOLATED) 
     PIN : u_core/u_icache/u_data0/u_bank0/dout0[3]
                                0.03           0.03          -0.00  (VIOLATED) 

   u_core/u_icache/u_data1/dout_b3[20]
                                0.03           0.03          -0.00  (VIOLATED) 
     PIN : u_core/u_icache/u_data1/u_bank3/dout0[20]
                                0.03           0.03          -0.00  (VIOLATED) 

   u_core/u_icache/u_data0/dout_b0[7]
                                0.03           0.03          -0.00  (VIOLATED) 
     PIN : u_core/u_icache/u_data0/u_bank0/dout0[7]
                                0.03           0.03          -0.00  (VIOLATED) 

   u_core/u_icache/u_data0/dout_b0[5]
                                0.03           0.03          -0.00  (VIOLATED) 
     PIN : u_core/u_icache/u_data0/u_bank0/dout0[5]
                                0.03           0.03          -0.00  (VIOLATED) 

   u_core/u_icache/u_data0/dout_b0[15]
                                0.03           0.03          -0.00  (VIOLATED) 
     PIN : u_core/u_icache/u_data0/u_bank0/dout0[15]
                                0.03           0.03          -0.00  (VIOLATED) 

   u_core/u_icache/u_data0/dout_b0[13]
                                0.03           0.03          -0.00  (VIOLATED) 
     PIN : u_core/u_icache/u_data0/u_bank0/dout0[13]
                                0.03           0.03          -0.00  (VIOLATED) 

   u_core/u_icache/u_data0/dout_b3[18]
                                0.03           0.03          -0.00  (VIOLATED) 
     PIN : u_core/u_icache/u_data0/u_bank3/dout0[18]
                                0.03           0.03          -0.00  (VIOLATED) 

   u_core/u_icache/u_data0/dout_b0[14]
                                0.03           0.03          -0.00  (VIOLATED) 
     PIN : u_core/u_icache/u_data0/u_bank0/dout0[14]
                                0.03           0.03          -0.00  (VIOLATED) 

   u_core/u_icache/u_data1/dout_b0[7]
                                0.03           0.03          -0.00  (VIOLATED) 
     PIN : u_core/u_icache/u_data1/u_bank0/dout0[7]
                                0.03           0.03          -0.00  (VIOLATED) 

   u_core/u_icache/u_data0/dout_b3[0]
                                0.03           0.03          -0.00  (VIOLATED) 
     PIN : u_core/u_icache/u_data0/u_bank3/dout0[0]
                                0.03           0.03          -0.00  (VIOLATED) 

   u_core/u_icache/u_data0/dout_b3[24]
                                0.03           0.03          -0.00  (VIOLATED) 
     PIN : u_core/u_icache/u_data0/u_bank3/dout0[24]
                                0.03           0.03          -0.00  (VIOLATED) 

   u_core/u_icache/u_data0/dout_b0[2]
                                0.03           0.03          -0.00  (VIOLATED) 
     PIN : u_core/u_icache/u_data0/u_bank0/dout0[2]
                                0.03           0.03          -0.00  (VIOLATED) 

   u_core/u_icache/u_data0/dout_b0[0]
                                0.03           0.03          -0.00  (VIOLATED) 
     PIN : u_core/u_icache/u_data0/u_bank0/dout0[0]
                                0.03           0.03          -0.00  (VIOLATED) 

   u_core/u_icache/u_data1/dout_b0[4]
                                0.03           0.03          -0.00  (VIOLATED) 
     PIN : u_core/u_icache/u_data1/u_bank0/dout0[4]
                                0.03           0.03          -0.00  (VIOLATED) 

   u_core/u_icache/u_data1/dout_b0[17]
                                0.03           0.03          -0.00  (VIOLATED) 
     PIN : u_core/u_icache/u_data1/u_bank0/dout0[17]
                                0.03           0.03          -0.00  (VIOLATED) 

   u_core/u_icache/u_data0/dout_b3[26]
                                0.03           0.03          -0.00  (VIOLATED) 
     PIN : u_core/u_icache/u_data0/u_bank3/dout0[26]
                                0.03           0.03          -0.00  (VIOLATED) 

   u_core/u_icache/u_data0/dout_b3[27]
                                0.03           0.03          -0.00  (VIOLATED) 
     PIN : u_core/u_icache/u_data0/u_bank3/dout0[27]
                                0.03           0.03          -0.00  (VIOLATED) 

   u_core/u_icache/u_data0/dout_b0[6]
                                0.03           0.03          -0.00  (VIOLATED) 
     PIN : u_core/u_icache/u_data0/u_bank0/dout0[6]
                                0.03           0.03          -0.00  (VIOLATED) 

   u_core/u_icache/u_data1/dout_b0[6]
                                0.03           0.03          -0.00  (VIOLATED) 
     PIN : u_core/u_icache/u_data1/u_bank0/dout0[6]
                                0.03           0.03          -0.00  (VIOLATED) 

   u_core/u_icache/u_data0/dout_b0[4]
                                0.03           0.03          -0.00  (VIOLATED) 
     PIN : u_core/u_icache/u_data0/u_bank0/dout0[4]
                                0.03           0.03          -0.00  (VIOLATED) 

  ---------------------------------------------------------------------------
   Number of max_capacitance violation(s): 93


   Mode: func Corner: ss_100C_1v60
   Scenario: func@ss_100C_1v60.setup
  ---------------------------------------------------------------------------
   Number of min_capacitance violation(s): 0

  Mode: func
  Corner: ss_100C_1v60
  Scenario: func@ss_100C_1v60.setup

  ---------------------------------------------------------------------------
   Number of min_pulse_width violation(s): 0
   Total number of violation(s): 193
1
