INFO: wire-opt feature for router enabled
INFO: wire-opt feature for router enabled
Cell Min-Routing-Layer = li1
Cell Max-Routing-Layer = met5
Turn off antenna since no rule is specified
Information: Option route.detail.force_end_on_preferred_grid will be ignored since none of the layers have preferred grid. (ZRT-703)
Warning: Port VDD of cell riscv_soc is unplaced.  This may impact routing result. (ZRT-740)
Warning: Port VSS of cell riscv_soc is unplaced.  This may impact routing result. (ZRT-740)
Warning: Ignore 2 top cell ports with no pins. (ZRT-027)
Info: number of net_type_blockage: 0 
Information: Via ladder engine would be activated for pattern must join connection in certain commands. Please refer to man-page for the command list. (ZRT-619)
Information: Auto Ndr rule _snps_autoNdr_delay_1w3s is assigned to 5 nets out of total 34967 nets
Information: There are 1 AutoNdr rule.
Wire on layer (met1) needs more than one tracks
Via on layer (mcon) needs more than one tracks
Via on layer (via) needs more than one tracks
Warning: Layer met1 default pitch 0.340 may be too small to handle up/down via. Note, that minimum requirements are "wire/via-down 0.355" & "wire/via-up 0.370". (ZRT-026)
Via on layer (via4) needs more than one tracks
Warning: Layer met4 default pitch 0.920 may be too small to handle up/down via. Note, that minimum requirements are "wire/via-down 0.615" & "wire/via-up 1.040". (ZRT-026)
Transition layer name: met4(4)
Information: When applicable Min-max layer allow_pin_connection mode will allow paths of length 8.62 outside the layer range. (ZRT-707)
Information: When applicable Min-max layer allow_pin_connection mode will allow paths of length 8.62 outside the layer range on clock nets. (ZRT-718)
Information: When applicable layer based tapering will taper up to 0.00 in distance from the pin. (ZRT-706)
7 masters (7 pins) have donut holes


Start checking for open nets ... 

Total number of nets = 34879, of which 0 are not extracted
Total number of open nets = 0, of which 0 are frozen

Check 34879 nets, 0 have Errors

[CHECK OPEN NETS] Elapsed real time: 0:00:00 
[CHECK OPEN NETS] Elapsed cpu  time: sys=0:00:00 usr=0:00:00 total=0:00:00
[CHECK OPEN NETS] Stage (MB): Used    0  Alloctr    0  Proc    0 
[CHECK OPEN NETS] Total (MB): Used    0  Alloctr    0  Proc 6745 
Printing options for 'route.common.*'
common.eco_route_fix_existing_drc                       :	 true                
common.verbose_level                                    :	 0                   

Printing options for 'route.detail.*'
detail.antenna                                          :	 true                
detail.eco_route_use_soft_spacing_for_timing_optimization:	 true                
detail.enable_auto_ndr_flow                             :	 true                
detail.timing_driven                                    :	 true                

Printing options for 'route.auto_via_ladder.*'

There are 0 out of total 34879 nets with relaxed min layer from GR.

Begin full DRC check ...

Information: Using 1 threads for routing. (ZRT-444)
Checked	319/1521 Partitions, Violations =	0
Checked	320/1521 Partitions, Violations =	0
Checked	321/1521 Partitions, Violations =	0
Checked	322/1521 Partitions, Violations =	0
Checked	323/1521 Partitions, Violations =	0
Checked	324/1521 Partitions, Violations =	0
Checked	360/1521 Partitions, Violations =	0
Checked	420/1521 Partitions, Violations =	0
Checked	480/1521 Partitions, Violations =	0
Checked	540/1521 Partitions, Violations =	0
Checked	600/1521 Partitions, Violations =	0
Checked	660/1521 Partitions, Violations =	0
Checked	720/1521 Partitions, Violations =	0
Checked	780/1521 Partitions, Violations =	0
Checked	840/1521 Partitions, Violations =	0
Checked	900/1521 Partitions, Violations =	0
Checked	960/1521 Partitions, Violations =	0
Checked	1020/1521 Partitions, Violations =	0
Checked	1080/1521 Partitions, Violations =	0
Checked	1140/1521 Partitions, Violations =	0
Checked	1200/1521 Partitions, Violations =	0
Checked	1260/1521 Partitions, Violations =	0
Checked	1320/1521 Partitions, Violations =	0
Checked	1380/1521 Partitions, Violations =	0
Checked	1440/1521 Partitions, Violations =	0
Checked	1500/1521 Partitions, Violations =	0
[DRC CHECK] Elapsed real time: 0:00:22 
[DRC CHECK] Elapsed cpu  time: sys=0:00:00 usr=0:00:22 total=0:00:23
[DRC CHECK] Stage (MB): Used    0  Alloctr    0  Proc    0 
[DRC CHECK] Total (MB): Used    0  Alloctr    0  Proc 6745 
Warning: No antenna rules defined, Skip antenna analysis. (ZRT-309)

DRC-SUMMARY:
	@@@@@@@ TOTAL VIOLATIONS =	0

Information: The app option "route.detail.report_soft_drc_separately" will be on-by-default in future release. (ZRT-807)
	@@@@@@@ TOTAL SOFT VIOLATIONS =	0


Total Wire Length =                    4010572 micron
Total Number of Contacts =             404821
Total Number of Wires =                394802
Total Number of PtConns =              6189
Total Number of Routed Wires =       391947
Total Routed Wire Length =           4008692 micron
Total Number of Routed Contacts =       404821
	Layer          li1 :      50509 micron
	Layer         met1 :      93765 micron
	Layer         met2 :    1752187 micron
	Layer         met3 :    1094182 micron
	Layer         met4 :     703895 micron
	Layer         met5 :     314153 micron
	Via        M4M5_PR :       4363
	Via   M3M4_PR(rot) :      31450
	Via        M2M3_PR :     135079
	Via   M2M3_PR(rot) :        131
	Via        M1M2_PR :        874
	Via   M1M2_PR(rot) :     116147
	Via        L1M1_PR :       5735
	Via   L1M1_PR(rot) :     110106
	Via      L1M1_PR_C :        936

 
Redundant via conversion report:
--------------------------------

  Total optimized via conversion rate =  0.00% (0 / 404821 vias)
 
    Layer mcon       =  0.00% (0      / 116777  vias)
        Un-optimized =  0.00% (0       vias)
        Un-mapped    = 100.00% (116777  vias)
    Layer via        =  0.00% (0      / 117021  vias)
        Un-optimized =  0.00% (0       vias)
        Un-mapped    = 100.00% (117021  vias)
    Layer via2       =  0.00% (0      / 135210  vias)
        Un-optimized =  0.00% (0       vias)
        Un-mapped    = 100.00% (135210  vias)
    Layer via3       =  0.00% (0      / 31450   vias)
        Un-optimized =  0.00% (0       vias)
        Un-mapped    = 100.00% (31450   vias)
    Layer via4       =  0.00% (0      / 4363    vias)
        Un-optimized =  0.00% (0       vias)
        Un-mapped    = 100.00% (4363    vias)
 
  Total double via conversion rate    =  0.00% (0 / 404821 vias)
 
    Layer mcon       =  0.00% (0      / 116777  vias)
    Layer via        =  0.00% (0      / 117021  vias)
    Layer via2       =  0.00% (0      / 135210  vias)
    Layer via3       =  0.00% (0      / 31450   vias)
    Layer via4       =  0.00% (0      / 4363    vias)
 
  The optimized via conversion rate based on total routed via count =  0.00% (0 / 404821 vias)
 
    Layer mcon       =  0.00% (0      / 116777  vias)
        Un-optimized =  0.00% (0       vias)
        Un-mapped    = 100.00% (116777  vias)
    Layer via        =  0.00% (0      / 117021  vias)
        Un-optimized =  0.00% (0       vias)
        Un-mapped    = 100.00% (117021  vias)
    Layer via2       =  0.00% (0      / 135210  vias)
        Un-optimized =  0.00% (0       vias)
        Un-mapped    = 100.00% (135210  vias)
    Layer via3       =  0.00% (0      / 31450   vias)
        Un-optimized =  0.00% (0       vias)
        Un-mapped    = 100.00% (31450   vias)
    Layer via4       =  0.00% (0      / 4363    vias)
        Un-optimized =  0.00% (0       vias)
        Un-mapped    = 100.00% (4363    vias)
 


Verify Summary:

Total number of nets = 34879, of which 0 are not extracted
Total number of open nets = 0, of which 0 are frozen
Total number of excluded ports = 0 ports of 0 unplaced cells connected to 0 nets
                                 0 ports without pins of 0 cells connected to 0 nets
                                 0 ports of 0 cover cells connected to 0 non-pg nets

Total number of DRCs = 0
Total number of antenna violations = no antenna rules defined
Total number of tie to rail violations = not checked
Total number of tie to rail directly violations = not checked

Total number of DRCs on met2 and below = 0 (Found pin shapes of standard cell on met2 and above)

